Enter a username
Enter your full name
Enter your password
Re-enter your password
Saving Details for User (root, Root User, 87654321)

